// Jest Snapshot v1, https://goo.gl/fbAQLP

exports[`renders correctly 1`] = `
<div>
  <input
    className="sc-bdfBwQ hNxIGX"
    id=""
    name=""
    onChange={[Function]}
    type="text"
    value=""
  />
</div>
`;
